Group 1 header,Bob
Group 2 header,pc,PC Problem
Group 2 footer,pc,PC Problem
Group 2 header,em,Email Problem
Group 2 footer,em,Email Problem
Group 1 footer,Bob
Group 1 header,Mary
Group 2 header,bb,Blackberry Problem
Group 2 footer,bb,Blackberry Problem
Group 2 header,pc,PC Problem
Group 2 footer,pc,PC Problem
Group 2 header,ot,Other
Group 2 footer,ot,Other
Group 1 footer,Mary
